.cache/vk_pipeline_cache/voxelvk_pipelines.cache
.clang-format
.clang-tidy
.editorconfig
.gitattributes
.github/CODEOWNERS
.github/pull_request_template.md
.github/scripts/bench_compare.py
.github/scripts/bench_parse.py
.github/scripts/image_diff.py
.github/workflows/ci-linux.yml
.github/workflows/ci-windows.yml
.github/workflows/ci.yml
.github/workflows/format_fix.yml
.github/workflows/gui_smoke.yml
.gitignore
.pre-commit-config.yaml
.vcpkg-configuration.json
BUILD.md
CMakeLists.txt
CMakePresets.json
CONTRIBUTING.md
Dockerfile
LICENSE
README.md
RUN.md
SECURITY.md
Unsure ply-1.1.tar.Z
Unzipper-1.14.tar.Z
Vulken-3D-World-Gen-main-2/.cache/vk_pipeline_cache/voxelvk_pipelines.cache
Vulken-3D-World-Gen-main-2/.clang-format
Vulken-3D-World-Gen-main-2/.clang-tidy
Vulken-3D-World-Gen-main-2/.editorconfig
Vulken-3D-World-Gen-main-2/.gitattributes
Vulken-3D-World-Gen-main-2/.github/CODEOWNERS
Vulken-3D-World-Gen-main-2/.github/pull_request_template.md
Vulken-3D-World-Gen-main-2/.github/scripts/bench_compare.py
Vulken-3D-World-Gen-main-2/.github/scripts/bench_parse.py
Vulken-3D-World-Gen-main-2/.github/scripts/image_diff.py
Vulken-3D-World-Gen-main-2/.github/workflows/ci-linux.yml
Vulken-3D-World-Gen-main-2/.github/workflows/ci-windows.yml
Vulken-3D-World-Gen-main-2/.github/workflows/ci.yml
Vulken-3D-World-Gen-main-2/.github/workflows/format_fix.yml
Vulken-3D-World-Gen-main-2/.github/workflows/gui_smoke.yml
Vulken-3D-World-Gen-main-2/.gitignore
Vulken-3D-World-Gen-main-2/.pre-commit-config.yaml
Vulken-3D-World-Gen-main-2/.vcpkg-configuration.json
Vulken-3D-World-Gen-main-2/BUILD.md
Vulken-3D-World-Gen-main-2/CMakeLists.txt
Vulken-3D-World-Gen-main-2/CMakePresets.json
Vulken-3D-World-Gen-main-2/CONTRIBUTING.md
Vulken-3D-World-Gen-main-2/Dockerfile
Vulken-3D-World-Gen-main-2/LICENSE
Vulken-3D-World-Gen-main-2/README.md
Vulken-3D-World-Gen-main-2/RUN.md
Vulken-3D-World-Gen-main-2/SECURITY.md
Vulken-3D-World-Gen-main-2/apps/CMakeLists.txt
Vulken-3D-World-Gen-main-2/apps/gui_fullscreen_demo.cpp
Vulken-3D-World-Gen-main-2/apps/main_imgui_fullscreen.cpp
Vulken-3D-World-Gen-main-2/apps/main_imgui_vulkan.cpp
Vulken-3D-World-Gen-main-2/apps/p0_reliability_demo.cpp
Vulken-3D-World-Gen-main-2/apps/p0_reliability_test.cpp
Vulken-3D-World-Gen-main-2/apps/p1_concepts_simple.cpp
Vulken-3D-World-Gen-main-2/apps/p1_memory_concepts.cpp
Vulken-3D-World-Gen-main-2/apps/p1_memory_demo.cpp
Vulken-3D-World-Gen-main-2/apps/p2_concepts_validator.cpp
Vulken-3D-World-Gen-main-2/apps/p2_performance_demo.cpp
Vulken-3D-World-Gen-main-2/apps/p2_target_validator.cpp
Vulken-3D-World-Gen-main-2/apps/rl_nav_demo.cpp
Vulken-3D-World-Gen-main-2/apps/smoke_graphics_headless.cpp
Vulken-3D-World-Gen-main-2/apps/smoke_headless.cpp
Vulken-3D-World-Gen-main-2/apps/vulkan_fullscreen_demo.cpp
Vulken-3D-World-Gen-main-2/apps/weather_demo.cpp
Vulken-3D-World-Gen-main-2/apps/weather_integration_test.cpp
Vulken-3D-World-Gen-main-2/apps/x11_basic_demo.cpp
Vulken-3D-World-Gen-main-2/assets/config/materials.json
Vulken-3D-World-Gen-main-2/assets/samples/cube.obj
Vulken-3D-World-Gen-main-2/assets/samples/simple_voxels.mvox
Vulken-3D-World-Gen-main-2/assets/samples/test_voxel_chunk.json
Vulken-3D-World-Gen-main-2/cmake/CompileShaders.cmake
Vulken-3D-World-Gen-main-2/cmake/GenBuildInfo.cmake
Vulken-3D-World-Gen-main-2/config/ai_enhanced_training.yaml
Vulken-3D-World-Gen-main-2/config/redis.yaml
Vulken-3D-World-Gen-main-2/config/training.json
Vulken-3D-World-Gen-main-2/config/training.yaml
Vulken-3D-World-Gen-main-2/config/weather.yaml
Vulken-3D-World-Gen-main-2/config/world.json
Vulken-3D-World-Gen-main-2/config/world.yaml
Vulken-3D-World-Gen-main-2/docker-compose.yml
Vulken-3D-World-Gen-main-2/docs/BASELINE_README.md
Vulken-3D-World-Gen-main-2/docs/BUILD_PERF_ENHANCEMENTS.md
Vulken-3D-World-Gen-main-2/docs/CI_README.md
Vulken-3D-World-Gen-main-2/docs/CMAKE_PATCH_SNIPPET.txt
Vulken-3D-World-Gen-main-2/docs/CSM_DESCRIPTOR_LAYOUT.md
Vulken-3D-World-Gen-main-2/docs/CSM_TEXEL_SNAP_DEBUG.md
Vulken-3D-World-Gen-main-2/docs/ENGINE_OVERVIEW.md
Vulken-3D-World-Gen-main-2/docs/GOLDEN_IMAGES.md
Vulken-3D-World-Gen-main-2/docs/INTEGRATE_BUILD_TAGGING.md
Vulken-3D-World-Gen-main-2/docs/INTEGRATE_CSM_PCSS.md
Vulken-3D-World-Gen-main-2/docs/INTEGRATION_NOTES.md
Vulken-3D-World-Gen-main-2/docs/PERF_BADGE.md
Vulken-3D-World-Gen-main-2/docs/REDIS_INTEGRATION.md
Vulken-3D-World-Gen-main-2/docs/RELEASE_NOTES.md
Vulken-3D-World-Gen-main-2/docs/RENDER_REGRESSION.md
Vulken-3D-World-Gen-main-2/docs/REPOSITORY_STRUCTURE.md
Vulken-3D-World-Gen-main-2/docs/WIRE_CSM_LIGHTING.md
Vulken-3D-World-Gen-main-2/docs/archive/P0_RELIABILITY_IMPLEMENTATION_COMPLETE.md
Vulken-3D-World-Gen-main-2/docs/archive/P1_MEMORY_MANAGEMENT_COMPLETE.md
Vulken-3D-World-Gen-main-2/docs/archive/P2_FIX_COMPLETE_10_OF_10_TESTS_PASS.md
Vulken-3D-World-Gen-main-2/docs/archive/P2_FRAME_PACING_PERFORMANCE_COMPLETE.md
Vulken-3D-World-Gen-main-2/docs/archive/PRODUCTION_HARDENING_COMPLETE.md
Vulken-3D-World-Gen-main-2/docs/engine-architecture.md
Vulken-3D-World-Gen-main-2/external/third_party/stb/stb_image.h
Vulken-3D-World-Gen-main-2/external/third_party/stb/stb_image_write.h
Vulken-3D-World-Gen-main-2/external/third_party/vk_mem_alloc.h
Vulken-3D-World-Gen-main-2/imgui.ini
Vulken-3D-World-Gen-main-2/performance_report.json
Vulken-3D-World-Gen-main-2/redis_validation_report.json
Vulken-3D-World-Gen-main-2/screenshot.png
Vulken-3D-World-Gen-main-2/scripts/bench_headless.sh
Vulken-3D-World-Gen-main-2/scripts/build.sh
Vulken-3D-World-Gen-main-2/scripts/build_rag_index.py
Vulken-3D-World-Gen-main-2/scripts/ci_build_demos.sh
Vulken-3D-World-Gen-main-2/scripts/compile_shaders.ps1
Vulken-3D-World-Gen-main-2/scripts/compile_shaders.sh
Vulken-3D-World-Gen-main-2/scripts/complete_integration.sh
Vulken-3D-World-Gen-main-2/scripts/compose_headless.sh
Vulken-3D-World-Gen-main-2/scripts/golden_diff.ps1
Vulken-3D-World-Gen-main-2/scripts/golden_diff.sh
Vulken-3D-World-Gen-main-2/scripts/nsys_headless.sh
Vulken-3D-World-Gen-main-2/scripts/p0_validation.sh
Vulken-3D-World-Gen-main-2/scripts/p1_validation.sh
Vulken-3D-World-Gen-main-2/scripts/p2_validation.sh
Vulken-3D-World-Gen-main-2/scripts/perf_headless.sh
Vulken-3D-World-Gen-main-2/scripts/profile_nsight.sh
Vulken-3D-World-Gen-main-2/scripts/render_frames.sh
Vulken-3D-World-Gen-main-2/scripts/run_all_validations.sh
Vulken-3D-World-Gen-main-2/scripts/run_benchmark.sh
Vulken-3D-World-Gen-main-2/scripts/run_gui.sh
Vulken-3D-World-Gen-main-2/scripts/run_headless.ps1
Vulken-3D-World-Gen-main-2/scripts/run_headless.sh
Vulken-3D-World-Gen-main-2/scripts/setup.sh
Vulken-3D-World-Gen-main-2/scripts/start_gui_web.sh
Vulken-3D-World-Gen-main-2/scripts/stop_gui_web.sh
Vulken-3D-World-Gen-main-2/shaders/ibl/brdf_lut.frag
Vulken-3D-World-Gen-main-2/shaders/ibl/equirect_to_cubemap.frag
Vulken-3D-World-Gen-main-2/shaders/ibl/pmrem_prefilter.frag
Vulken-3D-World-Gen-main-2/shaders/lighting/ibl.glsl
Vulken-3D-World-Gen-main-2/shaders/lighting/pbr_common.glsl
Vulken-3D-World-Gen-main-2/shaders/lighting/pcss.glsl
Vulken-3D-World-Gen-main-2/shaders/post/atmosphere.frag
Vulken-3D-World-Gen-main-2/shaders/post/clouds.frag
Vulken-3D-World-Gen-main-2/shaders/shadows/csm_common.glsl
Vulken-3D-World-Gen-main-2/shaders_vk/ai/blockize.comp.glsl
Vulken-3D-World-Gen-main-2/shaders_vk/clouds/clouds_fullscreen.frag
Vulken-3D-World-Gen-main-2/shaders_vk/common/fullscreen.vert.glsl
Vulken-3D-World-Gen-main-2/shaders_vk/common/weather_ubo.glsl
Vulken-3D-World-Gen-main-2/shaders_vk/ibl/brdf_lut.comp.glsl
Vulken-3D-World-Gen-main-2/shaders_vk/lighting/csm_binding.glsl
Vulken-3D-World-Gen-main-2/shaders_vk/lighting/pbr_common.glsl
Vulken-3D-World-Gen-main-2/shaders_vk/lighting/pcss.glsl
Vulken-3D-World-Gen-main-2/shaders_vk/lighting/use_csm_pcss_example.glsl
Vulken-3D-World-Gen-main-2/shaders_vk/material/weather_material.glsl
Vulken-3D-World-Gen-main-2/shaders_vk/particles/precip_render.frag
Vulken-3D-World-Gen-main-2/shaders_vk/particles/precip_render.vert
Vulken-3D-World-Gen-main-2/shaders_vk/particles/precip_update.comp
Vulken-3D-World-Gen-main-2/shaders_vk/post/atmosphere.frag.glsl
Vulken-3D-World-Gen-main-2/shaders_vk/post/clouds.frag.glsl
Vulken-3D-World-Gen-main-2/shaders_vk/post/height_fog.frag
Vulken-3D-World-Gen-main-2/shaders_vk/post/ssao.frag
Vulken-3D-World-Gen-main-2/shaders_vk/post/ssao_blur.frag
Vulken-3D-World-Gen-main-2/shaders_vk/post/ssr.frag
Vulken-3D-World-Gen-main-2/shaders_vk/post/temporal_accum.comp
Vulken-3D-World-Gen-main-2/shaders_vk/shadows/csm_common.glsl
Vulken-3D-World-Gen-main-2/shaders_vk/shadows/csm_debug.glsl
Vulken-3D-World-Gen-main-2/shaders_vk/shadows/csm_depth.frag.glsl
Vulken-3D-World-Gen-main-2/shaders_vk/shadows/csm_depth.vert.glsl
Vulken-3D-World-Gen-main-2/shaders_vk/sky/sky_fullscreen.vert
Vulken-3D-World-Gen-main-2/shaders_vk/sky/sky_hw.frag
Vulken-3D-World-Gen-main-2/shaders_vk/taa/motion_vectors.frag
Vulken-3D-World-Gen-main-2/shaders_vk/taa/motion_vectors.vert
Vulken-3D-World-Gen-main-2/shaders_vk/taa/taa_resolve.frag
Vulken-3D-World-Gen-main-2/shaders_vk/taa/weather_taa_blend.frag
Vulken-3D-World-Gen-main-2/src/__init__.py
Vulken-3D-World-Gen-main-2/src/ai/LLMClient.hpp
Vulken-3D-World-Gen-main-2/src/ai/PromptAssembler.hpp
Vulken-3D-World-Gen-main-2/src/ai/ai_apply_to_engine_native.cpp
Vulken-3D-World-Gen-main-2/src/ai/ai_apply_to_engine_native.hpp
Vulken-3D-World-Gen-main-2/src/ai/ai_biome_palette.cpp
Vulken-3D-World-Gen-main-2/src/ai/ai_biome_palette.hpp
Vulken-3D-World-Gen-main-2/src/ai/ai_enhanced_biome_system.cpp
Vulken-3D-World-Gen-main-2/src/ai/ai_enhanced_biome_system.hpp
Vulken-3D-World-Gen-main-2/src/ai/ai_enhanced_generator.hpp
Vulken-3D-World-Gen-main-2/src/ai/ai_gpu_blockize.cpp
Vulken-3D-World-Gen-main-2/src/ai/ai_gpu_blockize.hpp
Vulken-3D-World-Gen-main-2/src/ai/ai_imgui_palette_panel.cpp
Vulken-3D-World-Gen-main-2/src/ai/ai_imgui_palette_panel.hpp
Vulken-3D-World-Gen-main-2/src/ai/ai_mesher_bridge_voxelvk.cpp
Vulken-3D-World-Gen-main-2/src/ai/ai_mesher_bridge_voxelvk.hpp
Vulken-3D-World-Gen-main-2/src/ai/ai_object_generator.hpp
Vulken-3D-World-Gen-main-2/src/ai/ai_palette_config_io.cpp
Vulken-3D-World-Gen-main-2/src/ai/ai_palette_config_io.hpp
Vulken-3D-World-Gen-main-2/src/ai/ai_palette_to_mesher.cpp
Vulken-3D-World-Gen-main-2/src/ai/ai_palette_to_mesher.hpp
Vulken-3D-World-Gen-main-2/src/ai/ai_runtime_commands.cpp
Vulken-3D-World-Gen-main-2/src/ai/ai_runtime_commands.hpp
Vulken-3D-World-Gen-main-2/src/ai/ai_tensorrt_manager.cpp
Vulken-3D-World-Gen-main-2/src/ai/ai_tensorrt_manager.hpp
Vulken-3D-World-Gen-main-2/src/ai/ai_tensorrt_manager_complete.cpp
Vulken-3D-World-Gen-main-2/src/ai/ai_training_integration.hpp
Vulken-3D-World-Gen-main-2/src/ai/rag_database.cpp
Vulken-3D-World-Gen-main-2/src/ai/rag_database.hpp
Vulken-3D-World-Gen-main-2/src/ai/rag_query_engine.cpp
Vulken-3D-World-Gen-main-2/src/ai/rag_query_engine.hpp
Vulken-3D-World-Gen-main-2/src/ai/rag_runtime_bridge.hpp
Vulken-3D-World-Gen-main-2/src/app/Trainer.cpp
Vulken-3D-World-Gen-main-2/src/app/Trainer.hpp
Vulken-3D-World-Gen-main-2/src/core/build_info.hpp.in
Vulken-3D-World-Gen-main-2/src/core/build_info_print.cpp
Vulken-3D-World-Gen-main-2/src/core/build_info_print.hpp
Vulken-3D-World-Gen-main-2/src/core/fullscreen_toggle.hpp
Vulken-3D-World-Gen-main-2/src/core/gpu_compat.cpp
Vulken-3D-World-Gen-main-2/src/core/gpu_compat.hpp
Vulken-3D-World-Gen-main-2/src/core/hotkey_glfw_example.md
Vulken-3D-World-Gen-main-2/src/core/logger.cpp
Vulken-3D-World-Gen-main-2/src/core/logger.hpp
Vulken-3D-World-Gen-main-2/src/core/nvtx_profiler.cpp
Vulken-3D-World-Gen-main-2/src/core/nvtx_profiler.hpp
Vulken-3D-World-Gen-main-2/src/core/performance_monitor.cpp
Vulken-3D-World-Gen-main-2/src/core/performance_monitor.hpp
Vulken-3D-World-Gen-main-2/src/core/runtime_debug.cpp
Vulken-3D-World-Gen-main-2/src/core/runtime_debug.hpp
Vulken-3D-World-Gen-main-2/src/core/thread_pool.cpp
Vulken-3D-World-Gen-main-2/src/core/thread_pool.hpp
Vulken-3D-World-Gen-main-2/src/core/timer.cpp
Vulken-3D-World-Gen-main-2/src/core/timer.hpp
Vulken-3D-World-Gen-main-2/src/core/vma_impl.cpp
Vulken-3D-World-Gen-main-2/src/cuda/k_terrain.cu
Vulken-3D-World-Gen-main-2/src/cuda/k_voxel_ops.cu
Vulken-3D-World-Gen-main-2/src/engine/CMakeLists.txt
Vulken-3D-World-Gen-main-2/src/engine/VoxelChunkManager.cpp
Vulken-3D-World-Gen-main-2/src/engine/VoxelChunkManager.h
Vulken-3D-World-Gen-main-2/src/engine/core/EngineConfig.h
Vulken-3D-World-Gen-main-2/src/engine/core/VoxelTypes.h
Vulken-3D-World-Gen-main-2/src/engine/include/engine/Cache/IChunkCache.h
Vulken-3D-World-Gen-main-2/src/engine/include/engine/Cache/SimpleLRUCache.h
Vulken-3D-World-Gen-main-2/src/engine/include/engine/ChunkCoord.h
Vulken-3D-World-Gen-main-2/src/engine/include/engine/Mesh/MarchingCubesGenerator.h
Vulken-3D-World-Gen-main-2/src/engine/include/engine/Mesh/MeshGenerator.h
Vulken-3D-World-Gen-main-2/src/engine/include/engine/Renderer/VulkanRenderer.h
Vulken-3D-World-Gen-main-2/src/engine/include/engine/Result.h
Vulken-3D-World-Gen-main-2/src/engine/include/engine/Storage/IStorageBackend.h
Vulken-3D-World-Gen-main-2/src/engine/include/engine/Storage/LocalFileStorageBackend.h
Vulken-3D-World-Gen-main-2/src/engine/include/engine/VoxelChunkManager.h
Vulken-3D-World-Gen-main-2/src/engine/include/engine/VoxelTypes.h
Vulken-3D-World-Gen-main-2/src/engine/include/engine/engine_export.h
Vulken-3D-World-Gen-main-2/src/engine/meshing/IMeshGenerator.h
Vulken-3D-World-Gen-main-2/src/engine/meshing/MeshGenerator.cpp
Vulken-3D-World-Gen-main-2/src/engine/meshing/MeshGenerator.h
Vulken-3D-World-Gen-main-2/src/engine/render/IRenderer.h
Vulken-3D-World-Gen-main-2/src/engine/render/VulkanRenderer.cpp
Vulken-3D-World-Gen-main-2/src/engine/render/VulkanRenderer.h
Vulken-3D-World-Gen-main-2/src/engine/src/mesh/MarchingCubesGenerator.cpp
Vulken-3D-World-Gen-main-2/src/engine/src/renderer/VulkanRenderer.cpp
Vulken-3D-World-Gen-main-2/src/engine/src/storage/LocalFileStorageBackend.cpp
Vulken-3D-World-Gen-main-2/src/engine/storage/FileStorageBackend.cpp
Vulken-3D-World-Gen-main-2/src/engine/storage/FileStorageBackend.h
Vulken-3D-World-Gen-main-2/src/engine/storage/IStorageBackend.h
Vulken-3D-World-Gen-main-2/src/engine/utils/LRUCache.h
Vulken-3D-World-Gen-main-2/src/env/blocks.cc
Vulken-3D-World-Gen-main-2/src/env/blocks.hpp
Vulken-3D-World-Gen-main-2/src/env/gpu_raycast_dda.cu
Vulken-3D-World-Gen-main-2/src/env/raycast_dda.cc
Vulken-3D-World-Gen-main-2/src/env/raycast_dda.hpp
Vulken-3D-World-Gen-main-2/src/env/raycast_dda_enhanced.hpp
Vulken-3D-World-Gen-main-2/src/env/sim_api.hpp
Vulken-3D-World-Gen-main-2/src/env/weather/lightning.cpp
Vulken-3D-World-Gen-main-2/src/env/weather/lightning.hpp
Vulken-3D-World-Gen-main-2/src/env/weather/sky_model.cpp
Vulken-3D-World-Gen-main-2/src/env/weather/sky_model.hpp
Vulken-3D-World-Gen-main-2/src/env/weather/weather_system.cpp
Vulken-3D-World-Gen-main-2/src/env/weather/weather_system.hpp
Vulken-3D-World-Gen-main-2/src/env/world_manager.cc
Vulken-3D-World-Gen-main-2/src/env/world_manager.hpp
Vulken-3D-World-Gen-main-2/src/env/world_manager_enhanced.cpp
Vulken-3D-World-Gen-main-2/src/physics/__init__.py
Vulken-3D-World-Gen-main-2/src/physics/aabb.py
Vulken-3D-World-Gen-main-2/src/physics/capsule.py
Vulken-3D-World-Gen-main-2/src/physics/capsule_voxel_sat.py
Vulken-3D-World-Gen-main-2/src/physics/cpp/aabb.cpp
Vulken-3D-World-Gen-main-2/src/physics/cpp/aabb.hpp
Vulken-3D-World-Gen-main-2/src/physics/cpp/capsule.cpp
Vulken-3D-World-Gen-main-2/src/physics/cpp/capsule.hpp
Vulken-3D-World-Gen-main-2/src/physics/cpp/collision_utils.cpp
Vulken-3D-World-Gen-main-2/src/physics/cpp/collision_utils.hpp
Vulken-3D-World-Gen-main-2/src/physics/cpp/cpp_player_controller.cpp
Vulken-3D-World-Gen-main-2/src/physics/cpp/cpp_player_controller.hpp
Vulken-3D-World-Gen-main-2/src/physics/cpp/enhanced_physics_system.cpp
Vulken-3D-World-Gen-main-2/src/physics/cpp/enhanced_physics_system.hpp
Vulken-3D-World-Gen-main-2/src/physics/cpp/voxel_solid.cpp
Vulken-3D-World-Gen-main-2/src/physics/cpp/voxel_solid.hpp
Vulken-3D-World-Gen-main-2/src/physics/player_controller.py
Vulken-3D-World-Gen-main-2/src/physics/player_controller_capsule.py
Vulken-3D-World-Gen-main-2/src/physics/voxel_solid.py
Vulken-3D-World-Gen-main-2/src/py.typed
Vulken-3D-World-Gen-main-2/src/redis_asset_store.cpp
Vulken-3D-World-Gen-main-2/src/redis_asset_store.h
Vulken-3D-World-Gen-main-2/src/render/csm.cpp
Vulken-3D-World-Gen-main-2/src/render/csm.hpp
Vulken-3D-World-Gen-main-2/src/render/csm_cpu.cpp
Vulken-3D-World-Gen-main-2/src/render/csm_cpu.hpp
Vulken-3D-World-Gen-main-2/src/render/csm_descriptor.hpp
Vulken-3D-World-Gen-main-2/src/render/csm_layout.cpp
Vulken-3D-World-Gen-main-2/src/render/csm_layout.hpp
Vulken-3D-World-Gen-main-2/src/render/csm_pass.cpp
Vulken-3D-World-Gen-main-2/src/render/csm_pass.hpp
Vulken-3D-World-Gen-main-2/src/render/frame_graph.cpp
Vulken-3D-World-Gen-main-2/src/render/frame_graph.hpp
Vulken-3D-World-Gen-main-2/src/render/framegraph/frame_graph_min.cpp
Vulken-3D-World-Gen-main-2/src/render/framegraph/frame_graph_min.hpp
Vulken-3D-World-Gen-main-2/src/render/ibl_brdf.cpp
Vulken-3D-World-Gen-main-2/src/render/ibl_brdf.hpp
Vulken-3D-World-Gen-main-2/src/render/mesh_optimizer.cpp
Vulken-3D-World-Gen-main-2/src/render/mesh_optimizer.hpp
Vulken-3D-World-Gen-main-2/src/render/post/height_fog.cpp
Vulken-3D-World-Gen-main-2/src/render/post/height_fog.hpp
Vulken-3D-World-Gen-main-2/src/render/post/temporal_accum.cpp
Vulken-3D-World-Gen-main-2/src/render/post/temporal_accum.hpp
Vulken-3D-World-Gen-main-2/src/render/screen_space_effects.cpp
Vulken-3D-World-Gen-main-2/src/render/screen_space_effects.hpp
Vulken-3D-World-Gen-main-2/src/render/taa_system.cpp
Vulken-3D-World-Gen-main-2/src/render/taa_system.hpp
Vulken-3D-World-Gen-main-2/src/render/texture_manager.cpp
Vulken-3D-World-Gen-main-2/src/render/texture_manager.hpp
Vulken-3D-World-Gen-main-2/src/renderer/__init__.py
Vulken-3D-World-Gen-main-2/src/renderer/ibl.py
Vulken-3D-World-Gen-main-2/src/renderer/shadow_cascades.py
Vulken-3D-World-Gen-main-2/src/rl/rl_backend.hpp
Vulken-3D-World-Gen-main-2/src/rl/rl_backend_dummy.cpp
Vulken-3D-World-Gen-main-2/src/rl/rl_backend_minimal.cpp
Vulken-3D-World-Gen-main-2/src/rl/rl_backend_minimal.hpp
Vulken-3D-World-Gen-main-2/src/util/vk_pipeline_cache_utils.hpp
Vulken-3D-World-Gen-main-2/src/utils/__init__.py
Vulken-3D-World-Gen-main-2/src/utils/async_io.py
Vulken-3D-World-Gen-main-2/src/utils/config_validator.py
Vulken-3D-World-Gen-main-2/src/vk/barrier_helpers.hpp
Vulken-3D-World-Gen-main-2/src/vk/device_caps.cpp
Vulken-3D-World-Gen-main-2/src/vk/device_caps.hpp
Vulken-3D-World-Gen-main-2/src/vk/error_handling.cpp
Vulken-3D-World-Gen-main-2/src/vk/error_handling.hpp
Vulken-3D-World-Gen-main-2/src/vk/frame_allocator.cpp
Vulken-3D-World-Gen-main-2/src/vk/frame_allocator.hpp
Vulken-3D-World-Gen-main-2/src/vk/memory_manager.cpp
Vulken-3D-World-Gen-main-2/src/vk/memory_manager.hpp
Vulken-3D-World-Gen-main-2/src/vk/pipeline_cache_manager.cpp
Vulken-3D-World-Gen-main-2/src/vk/pipeline_cache_manager.hpp
Vulken-3D-World-Gen-main-2/src/vk/swapchain_manager.cpp
Vulken-3D-World-Gen-main-2/src/vk/swapchain_manager.hpp
Vulken-3D-World-Gen-main-2/src/world/__init__.py
Vulken-3D-World-Gen-main-2/src/world/persistence.py
Vulken-3D-World-Gen-main-2/src/world/rle.py
Vulken-3D-World-Gen-main-2/tests/CMakeLists.txt
Vulken-3D-World-Gen-main-2/tests/README.md
Vulken-3D-World-Gen-main-2/tests/basic_physics_test.cpp
Vulken-3D-World-Gen-main-2/tests/compile_test.cpp
Vulken-3D-World-Gen-main-2/tests/comprehensive_physics_test.cpp
Vulken-3D-World-Gen-main-2/tests/enhanced_physics_demo.cpp
Vulken-3D-World-Gen-main-2/tests/golden/golden_sample.png
Vulken-3D-World-Gen-main-2/tests/golden/reference.png
Vulken-3D-World-Gen-main-2/tests/minimal_player_test.cpp
Vulken-3D-World-Gen-main-2/tests/player_controller_test.cpp
Vulken-3D-World-Gen-main-2/tests/resources/sample_world.yaml
Vulken-3D-World-Gen-main-2/tests/simple_physics_test.cpp
Vulken-3D-World-Gen-main-2/tests/test_ai_integration.cpp
Vulken-3D-World-Gen-main-2/tests/test_capsule_ground.py
Vulken-3D-World-Gen-main-2/tests/test_cpp_physics.cpp
Vulken-3D-World-Gen-main-2/tests/test_dda.cpp
Vulken-3D-World-Gen-main-2/tests/test_frustum_cull.cpp
Vulken-3D-World-Gen-main-2/tests/test_integration.cpp
Vulken-3D-World-Gen-main-2/tests/test_math_geometry.cpp
Vulken-3D-World-Gen-main-2/tests/test_performance_monitoring.cpp
Vulken-3D-World-Gen-main-2/tests/test_persistence.py
Vulken-3D-World-Gen-main-2/tests/test_ray_aabb.cpp
Vulken-3D-World-Gen-main-2/tests/test_rl_backend.cpp
Vulken-3D-World-Gen-main-2/tests/test_shaders_compile.cpp
Vulken-3D-World-Gen-main-2/tests/test_smoke.cpp
Vulken-3D-World-Gen-main-2/tests/test_weather_system.cpp
Vulken-3D-World-Gen-main-2/tests/test_yaml_config.cpp
Vulken-3D-World-Gen-main-2/tests/test_yaml_schema.cpp
Vulken-3D-World-Gen-main-2/tests/working_physics_demo.cpp
Vulken-3D-World-Gen-main-2/tools/.devcontainer/devcontainer.json
Vulken-3D-World-Gen-main-2/tools/CMakeLists.txt
Vulken-3D-World-Gen-main-2/tools/data/rag_documents.txt
Vulken-3D-World-Gen-main-2/tools/data/rag_kb/.keep
Vulken-3D-World-Gen-main-2/tools/data/rag_kb/desert_architecture.txt
Vulken-3D-World-Gen-main-2/tools/data/rag_kb/elven_style.txt
Vulken-3D-World-Gen-main-2/tools/docker/Dockerfile.h100
Vulken-3D-World-Gen-main-2/tools/examples/ai_integration_example.cpp
Vulken-3D-World-Gen-main-2/tools/imagediff.cpp
Vulken-3D-World-Gen-main-2/tools/push_mesh.py
Vulken-3D-World-Gen-main-2/tools/push_voxel.py
Vulken-3D-World-Gen-main-2/tools/validate_redis_integration.py
Vulken-3D-World-Gen-main-2/vcpkg-configuration.json
Vulken-3D-World-Gen-main-2/vcpkg.json
__MACOSX/._Vulken-3D-World-Gen-main-2
__MACOSX/Vulken-3D-World-Gen-main-2/._.cache
__MACOSX/Vulken-3D-World-Gen-main-2/._.clang-format
__MACOSX/Vulken-3D-World-Gen-main-2/._.clang-tidy
__MACOSX/Vulken-3D-World-Gen-main-2/._.editorconfig
__MACOSX/Vulken-3D-World-Gen-main-2/._.gitattributes
__MACOSX/Vulken-3D-World-Gen-main-2/._.github
__MACOSX/Vulken-3D-World-Gen-main-2/._.gitignore
__MACOSX/Vulken-3D-World-Gen-main-2/._.pre-commit-config.yaml
__MACOSX/Vulken-3D-World-Gen-main-2/._.vcpkg-configuration.json
__MACOSX/Vulken-3D-World-Gen-main-2/._BUILD.md
__MACOSX/Vulken-3D-World-Gen-main-2/._CMakeLists.txt
__MACOSX/Vulken-3D-World-Gen-main-2/._CMakePresets.json
__MACOSX/Vulken-3D-World-Gen-main-2/._CONTRIBUTING.md
__MACOSX/Vulken-3D-World-Gen-main-2/._Dockerfile
__MACOSX/Vulken-3D-World-Gen-main-2/._LICENSE
__MACOSX/Vulken-3D-World-Gen-main-2/._README.md
__MACOSX/Vulken-3D-World-Gen-main-2/._RUN.md
__MACOSX/Vulken-3D-World-Gen-main-2/._SECURITY.md
__MACOSX/Vulken-3D-World-Gen-main-2/._apps
__MACOSX/Vulken-3D-World-Gen-main-2/._assets
__MACOSX/Vulken-3D-World-Gen-main-2/._cmake
__MACOSX/Vulken-3D-World-Gen-main-2/._config
__MACOSX/Vulken-3D-World-Gen-main-2/._docker-compose.yml
__MACOSX/Vulken-3D-World-Gen-main-2/._docs
__MACOSX/Vulken-3D-World-Gen-main-2/._external
__MACOSX/Vulken-3D-World-Gen-main-2/._imgui.ini
__MACOSX/Vulken-3D-World-Gen-main-2/._performance_report.json
__MACOSX/Vulken-3D-World-Gen-main-2/._redis_validation_report.json
__MACOSX/Vulken-3D-World-Gen-main-2/._screenshot.png
__MACOSX/Vulken-3D-World-Gen-main-2/._scripts
__MACOSX/Vulken-3D-World-Gen-main-2/._shaders
__MACOSX/Vulken-3D-World-Gen-main-2/._shaders_vk
__MACOSX/Vulken-3D-World-Gen-main-2/._src
__MACOSX/Vulken-3D-World-Gen-main-2/._tests
__MACOSX/Vulken-3D-World-Gen-main-2/._tools
__MACOSX/Vulken-3D-World-Gen-main-2/._vcpkg
__MACOSX/Vulken-3D-World-Gen-main-2/._vcpkg-configuration.json
__MACOSX/Vulken-3D-World-Gen-main-2/._vcpkg.json
__MACOSX/Vulken-3D-World-Gen-main-2/.cache/._vk_pipeline_cache
__MACOSX/Vulken-3D-World-Gen-main-2/.cache/vk_pipeline_cache/._voxelvk_pipelines.cache
__MACOSX/Vulken-3D-World-Gen-main-2/.github/._CODEOWNERS
__MACOSX/Vulken-3D-World-Gen-main-2/.github/._pull_request_template.md
__MACOSX/Vulken-3D-World-Gen-main-2/.github/._scripts
__MACOSX/Vulken-3D-World-Gen-main-2/.github/._workflows
__MACOSX/Vulken-3D-World-Gen-main-2/.github/scripts/._bench_compare.py
__MACOSX/Vulken-3D-World-Gen-main-2/.github/scripts/._bench_parse.py
__MACOSX/Vulken-3D-World-Gen-main-2/.github/scripts/._image_diff.py
__MACOSX/Vulken-3D-World-Gen-main-2/.github/workflows/._ci-linux.yml
__MACOSX/Vulken-3D-World-Gen-main-2/.github/workflows/._ci-windows.yml
__MACOSX/Vulken-3D-World-Gen-main-2/.github/workflows/._ci.yml
__MACOSX/Vulken-3D-World-Gen-main-2/.github/workflows/._format_fix.yml
__MACOSX/Vulken-3D-World-Gen-main-2/.github/workflows/._gui_smoke.yml
__MACOSX/Vulken-3D-World-Gen-main-2/apps/._CMakeLists.txt
__MACOSX/Vulken-3D-World-Gen-main-2/apps/._gui_fullscreen_demo.cpp
__MACOSX/Vulken-3D-World-Gen-main-2/apps/._main_imgui_fullscreen.cpp
__MACOSX/Vulken-3D-World-Gen-main-2/apps/._main_imgui_vulkan.cpp
__MACOSX/Vulken-3D-World-Gen-main-2/apps/._p0_reliability_demo.cpp
__MACOSX/Vulken-3D-World-Gen-main-2/apps/._p0_reliability_test.cpp
__MACOSX/Vulken-3D-World-Gen-main-2/apps/._p1_concepts_simple.cpp
__MACOSX/Vulken-3D-World-Gen-main-2/apps/._p1_memory_concepts.cpp
__MACOSX/Vulken-3D-World-Gen-main-2/apps/._p1_memory_demo.cpp
__MACOSX/Vulken-3D-World-Gen-main-2/apps/._p2_concepts_validator.cpp
__MACOSX/Vulken-3D-World-Gen-main-2/apps/._p2_performance_demo.cpp
__MACOSX/Vulken-3D-World-Gen-main-2/apps/._p2_target_validator.cpp
__MACOSX/Vulken-3D-World-Gen-main-2/apps/._rl_nav_demo.cpp
__MACOSX/Vulken-3D-World-Gen-main-2/apps/._smoke_graphics_headless.cpp
__MACOSX/Vulken-3D-World-Gen-main-2/apps/._smoke_headless.cpp
__MACOSX/Vulken-3D-World-Gen-main-2/apps/._vulkan_fullscreen_demo.cpp
__MACOSX/Vulken-3D-World-Gen-main-2/apps/._weather_demo.cpp
__MACOSX/Vulken-3D-World-Gen-main-2/apps/._weather_integration_test.cpp
__MACOSX/Vulken-3D-World-Gen-main-2/apps/._x11_basic_demo.cpp
__MACOSX/Vulken-3D-World-Gen-main-2/assets/._config
__MACOSX/Vulken-3D-World-Gen-main-2/assets/._samples
__MACOSX/Vulken-3D-World-Gen-main-2/assets/config/._materials.json
__MACOSX/Vulken-3D-World-Gen-main-2/assets/samples/._cube.obj
__MACOSX/Vulken-3D-World-Gen-main-2/assets/samples/._simple_voxels.mvox
__MACOSX/Vulken-3D-World-Gen-main-2/assets/samples/._test_voxel_chunk.json
__MACOSX/Vulken-3D-World-Gen-main-2/cmake/._CompileShaders.cmake
__MACOSX/Vulken-3D-World-Gen-main-2/cmake/._GenBuildInfo.cmake
__MACOSX/Vulken-3D-World-Gen-main-2/config/._ai_enhanced_training.yaml
__MACOSX/Vulken-3D-World-Gen-main-2/config/._redis.yaml
__MACOSX/Vulken-3D-World-Gen-main-2/config/._training.json
__MACOSX/Vulken-3D-World-Gen-main-2/config/._training.yaml
__MACOSX/Vulken-3D-World-Gen-main-2/config/._weather.yaml
__MACOSX/Vulken-3D-World-Gen-main-2/config/._world.json
__MACOSX/Vulken-3D-World-Gen-main-2/config/._world.yaml
__MACOSX/Vulken-3D-World-Gen-main-2/docs/._BASELINE_README.md
__MACOSX/Vulken-3D-World-Gen-main-2/docs/._BUILD_PERF_ENHANCEMENTS.md
__MACOSX/Vulken-3D-World-Gen-main-2/docs/._CI_README.md
__MACOSX/Vulken-3D-World-Gen-main-2/docs/._CMAKE_PATCH_SNIPPET.txt
__MACOSX/Vulken-3D-World-Gen-main-2/docs/._CSM_DESCRIPTOR_LAYOUT.md
__MACOSX/Vulken-3D-World-Gen-main-2/docs/._CSM_TEXEL_SNAP_DEBUG.md
__MACOSX/Vulken-3D-World-Gen-main-2/docs/._ENGINE_OVERVIEW.md
__MACOSX/Vulken-3D-World-Gen-main-2/docs/._GOLDEN_IMAGES.md
__MACOSX/Vulken-3D-World-Gen-main-2/docs/._INTEGRATE_BUILD_TAGGING.md
__MACOSX/Vulken-3D-World-Gen-main-2/docs/._INTEGRATE_CSM_PCSS.md
__MACOSX/Vulken-3D-World-Gen-main-2/docs/._INTEGRATION_NOTES.md
__MACOSX/Vulken-3D-World-Gen-main-2/docs/._PERF_BADGE.md
__MACOSX/Vulken-3D-World-Gen-main-2/docs/._REDIS_INTEGRATION.md
__MACOSX/Vulken-3D-World-Gen-main-2/docs/._RELEASE_NOTES.md
__MACOSX/Vulken-3D-World-Gen-main-2/docs/._RENDER_REGRESSION.md
__MACOSX/Vulken-3D-World-Gen-main-2/docs/._REPOSITORY_STRUCTURE.md
__MACOSX/Vulken-3D-World-Gen-main-2/docs/._WIRE_CSM_LIGHTING.md
__MACOSX/Vulken-3D-World-Gen-main-2/docs/._archive
__MACOSX/Vulken-3D-World-Gen-main-2/docs/._engine-architecture.md
__MACOSX/Vulken-3D-World-Gen-main-2/docs/archive/._P0_RELIABILITY_IMPLEMENTATION_COMPLETE.md
__MACOSX/Vulken-3D-World-Gen-main-2/docs/archive/._P1_MEMORY_MANAGEMENT_COMPLETE.md
__MACOSX/Vulken-3D-World-Gen-main-2/docs/archive/._P2_FIX_COMPLETE_10_OF_10_TESTS_PASS.md
__MACOSX/Vulken-3D-World-Gen-main-2/docs/archive/._P2_FRAME_PACING_PERFORMANCE_COMPLETE.md
__MACOSX/Vulken-3D-World-Gen-main-2/docs/archive/._PRODUCTION_HARDENING_COMPLETE.md
__MACOSX/Vulken-3D-World-Gen-main-2/external/._third_party
__MACOSX/Vulken-3D-World-Gen-main-2/external/third_party/._stb
__MACOSX/Vulken-3D-World-Gen-main-2/external/third_party/._vk_mem_alloc.h
__MACOSX/Vulken-3D-World-Gen-main-2/external/third_party/stb/._stb_image.h
__MACOSX/Vulken-3D-World-Gen-main-2/external/third_party/stb/._stb_image_write.h
__MACOSX/Vulken-3D-World-Gen-main-2/scripts/._bench_headless.sh
__MACOSX/Vulken-3D-World-Gen-main-2/scripts/._build.sh
__MACOSX/Vulken-3D-World-Gen-main-2/scripts/._build_rag_index.py
__MACOSX/Vulken-3D-World-Gen-main-2/scripts/._ci_build_demos.sh
__MACOSX/Vulken-3D-World-Gen-main-2/scripts/._compile_shaders.ps1
__MACOSX/Vulken-3D-World-Gen-main-2/scripts/._compile_shaders.sh
__MACOSX/Vulken-3D-World-Gen-main-2/scripts/._complete_integration.sh
__MACOSX/Vulken-3D-World-Gen-main-2/scripts/._compose_headless.sh
__MACOSX/Vulken-3D-World-Gen-main-2/scripts/._golden_diff.ps1
__MACOSX/Vulken-3D-World-Gen-main-2/scripts/._golden_diff.sh
__MACOSX/Vulken-3D-World-Gen-main-2/scripts/._nsys_headless.sh
__MACOSX/Vulken-3D-World-Gen-main-2/scripts/._p0_validation.sh
__MACOSX/Vulken-3D-World-Gen-main-2/scripts/._p1_validation.sh
__MACOSX/Vulken-3D-World-Gen-main-2/scripts/._p2_validation.sh
__MACOSX/Vulken-3D-World-Gen-main-2/scripts/._perf_headless.sh
__MACOSX/Vulken-3D-World-Gen-main-2/scripts/._profile_nsight.sh
__MACOSX/Vulken-3D-World-Gen-main-2/scripts/._render_frames.sh
__MACOSX/Vulken-3D-World-Gen-main-2/scripts/._run_all_validations.sh
__MACOSX/Vulken-3D-World-Gen-main-2/scripts/._run_benchmark.sh
__MACOSX/Vulken-3D-World-Gen-main-2/scripts/._run_gui.sh
__MACOSX/Vulken-3D-World-Gen-main-2/scripts/._run_headless.ps1
__MACOSX/Vulken-3D-World-Gen-main-2/scripts/._run_headless.sh
__MACOSX/Vulken-3D-World-Gen-main-2/scripts/._setup.sh
__MACOSX/Vulken-3D-World-Gen-main-2/scripts/._start_gui_web.sh
__MACOSX/Vulken-3D-World-Gen-main-2/scripts/._stop_gui_web.sh
__MACOSX/Vulken-3D-World-Gen-main-2/shaders/._ibl
__MACOSX/Vulken-3D-World-Gen-main-2/shaders/._lighting
__MACOSX/Vulken-3D-World-Gen-main-2/shaders/._post
__MACOSX/Vulken-3D-World-Gen-main-2/shaders/._shadows
__MACOSX/Vulken-3D-World-Gen-main-2/shaders/ibl/._brdf_lut.frag
__MACOSX/Vulken-3D-World-Gen-main-2/shaders/ibl/._equirect_to_cubemap.frag
__MACOSX/Vulken-3D-World-Gen-main-2/shaders/ibl/._pmrem_prefilter.frag
__MACOSX/Vulken-3D-World-Gen-main-2/shaders/lighting/._ibl.glsl
__MACOSX/Vulken-3D-World-Gen-main-2/shaders/lighting/._pbr_common.glsl
__MACOSX/Vulken-3D-World-Gen-main-2/shaders/lighting/._pcss.glsl
__MACOSX/Vulken-3D-World-Gen-main-2/shaders/post/._atmosphere.frag
__MACOSX/Vulken-3D-World-Gen-main-2/shaders/post/._clouds.frag
__MACOSX/Vulken-3D-World-Gen-main-2/shaders/shadows/._csm_common.glsl
__MACOSX/Vulken-3D-World-Gen-main-2/shaders_vk/._ai
__MACOSX/Vulken-3D-World-Gen-main-2/shaders_vk/._clouds
__MACOSX/Vulken-3D-World-Gen-main-2/shaders_vk/._common
__MACOSX/Vulken-3D-World-Gen-main-2/shaders_vk/._ibl
__MACOSX/Vulken-3D-World-Gen-main-2/shaders_vk/._lighting
__MACOSX/Vulken-3D-World-Gen-main-2/shaders_vk/._material
__MACOSX/Vulken-3D-World-Gen-main-2/shaders_vk/._particles
__MACOSX/Vulken-3D-World-Gen-main-2/shaders_vk/._post
__MACOSX/Vulken-3D-World-Gen-main-2/shaders_vk/._shadows
__MACOSX/Vulken-3D-World-Gen-main-2/shaders_vk/._sky
__MACOSX/Vulken-3D-World-Gen-main-2/shaders_vk/._taa
__MACOSX/Vulken-3D-World-Gen-main-2/shaders_vk/ai/._blockize.comp.glsl
__MACOSX/Vulken-3D-World-Gen-main-2/shaders_vk/clouds/._clouds_fullscreen.frag
__MACOSX/Vulken-3D-World-Gen-main-2/shaders_vk/common/._fullscreen.vert.glsl
__MACOSX/Vulken-3D-World-Gen-main-2/shaders_vk/common/._weather_ubo.glsl
__MACOSX/Vulken-3D-World-Gen-main-2/shaders_vk/ibl/._brdf_lut.comp.glsl
__MACOSX/Vulken-3D-World-Gen-main-2/shaders_vk/lighting/._csm_binding.glsl
__MACOSX/Vulken-3D-World-Gen-main-2/shaders_vk/lighting/._pbr_common.glsl
__MACOSX/Vulken-3D-World-Gen-main-2/shaders_vk/lighting/._pcss.glsl
__MACOSX/Vulken-3D-World-Gen-main-2/shaders_vk/lighting/._use_csm_pcss_example.glsl
__MACOSX/Vulken-3D-World-Gen-main-2/shaders_vk/material/._weather_material.glsl
__MACOSX/Vulken-3D-World-Gen-main-2/shaders_vk/particles/._precip_render.frag
__MACOSX/Vulken-3D-World-Gen-main-2/shaders_vk/particles/._precip_render.vert
__MACOSX/Vulken-3D-World-Gen-main-2/shaders_vk/particles/._precip_update.comp
__MACOSX/Vulken-3D-World-Gen-main-2/shaders_vk/post/._atmosphere.frag.glsl
__MACOSX/Vulken-3D-World-Gen-main-2/shaders_vk/post/._clouds.frag.glsl
__MACOSX/Vulken-3D-World-Gen-main-2/shaders_vk/post/._height_fog.frag
__MACOSX/Vulken-3D-World-Gen-main-2/shaders_vk/post/._ssao.frag
__MACOSX/Vulken-3D-World-Gen-main-2/shaders_vk/post/._ssao_blur.frag
__MACOSX/Vulken-3D-World-Gen-main-2/shaders_vk/post/._ssr.frag
__MACOSX/Vulken-3D-World-Gen-main-2/shaders_vk/post/._temporal_accum.comp
__MACOSX/Vulken-3D-World-Gen-main-2/shaders_vk/shadows/._csm_common.glsl
__MACOSX/Vulken-3D-World-Gen-main-2/shaders_vk/shadows/._csm_debug.glsl
__MACOSX/Vulken-3D-World-Gen-main-2/shaders_vk/shadows/._csm_depth.frag.glsl
__MACOSX/Vulken-3D-World-Gen-main-2/shaders_vk/shadows/._csm_depth.vert.glsl
__MACOSX/Vulken-3D-World-Gen-main-2/shaders_vk/sky/._sky_fullscreen.vert
__MACOSX/Vulken-3D-World-Gen-main-2/shaders_vk/sky/._sky_hw.frag
__MACOSX/Vulken-3D-World-Gen-main-2/shaders_vk/taa/._motion_vectors.frag
__MACOSX/Vulken-3D-World-Gen-main-2/shaders_vk/taa/._motion_vectors.vert
__MACOSX/Vulken-3D-World-Gen-main-2/shaders_vk/taa/._taa_resolve.frag
__MACOSX/Vulken-3D-World-Gen-main-2/shaders_vk/taa/._weather_taa_blend.frag
__MACOSX/Vulken-3D-World-Gen-main-2/src/.___init__.py
__MACOSX/Vulken-3D-World-Gen-main-2/src/._ai
__MACOSX/Vulken-3D-World-Gen-main-2/src/._app
__MACOSX/Vulken-3D-World-Gen-main-2/src/._core
__MACOSX/Vulken-3D-World-Gen-main-2/src/._cuda
__MACOSX/Vulken-3D-World-Gen-main-2/src/._engine
__MACOSX/Vulken-3D-World-Gen-main-2/src/._env
__MACOSX/Vulken-3D-World-Gen-main-2/src/._physics
__MACOSX/Vulken-3D-World-Gen-main-2/src/._redis_asset_store.cpp
__MACOSX/Vulken-3D-World-Gen-main-2/src/._redis_asset_store.h
__MACOSX/Vulken-3D-World-Gen-main-2/src/._render
__MACOSX/Vulken-3D-World-Gen-main-2/src/._renderer
__MACOSX/Vulken-3D-World-Gen-main-2/src/._rl
__MACOSX/Vulken-3D-World-Gen-main-2/src/._util
__MACOSX/Vulken-3D-World-Gen-main-2/src/._utils
__MACOSX/Vulken-3D-World-Gen-main-2/src/._vk
__MACOSX/Vulken-3D-World-Gen-main-2/src/._world
__MACOSX/Vulken-3D-World-Gen-main-2/src/ai/._LLMClient.hpp
__MACOSX/Vulken-3D-World-Gen-main-2/src/ai/._PromptAssembler.hpp
__MACOSX/Vulken-3D-World-Gen-main-2/src/ai/._ai_apply_to_engine_native.cpp
__MACOSX/Vulken-3D-World-Gen-main-2/src/ai/._ai_apply_to_engine_native.hpp
__MACOSX/Vulken-3D-World-Gen-main-2/src/ai/._ai_biome_palette.cpp
__MACOSX/Vulken-3D-World-Gen-main-2/src/ai/._ai_biome_palette.hpp
__MACOSX/Vulken-3D-World-Gen-main-2/src/ai/._ai_enhanced_biome_system.cpp
__MACOSX/Vulken-3D-World-Gen-main-2/src/ai/._ai_enhanced_biome_system.hpp
__MACOSX/Vulken-3D-World-Gen-main-2/src/ai/._ai_enhanced_generator.hpp
__MACOSX/Vulken-3D-World-Gen-main-2/src/ai/._ai_gpu_blockize.cpp
__MACOSX/Vulken-3D-World-Gen-main-2/src/ai/._ai_gpu_blockize.hpp
__MACOSX/Vulken-3D-World-Gen-main-2/src/ai/._ai_imgui_palette_panel.cpp
__MACOSX/Vulken-3D-World-Gen-main-2/src/ai/._ai_imgui_palette_panel.hpp
__MACOSX/Vulken-3D-World-Gen-main-2/src/ai/._ai_mesher_bridge_voxelvk.cpp
__MACOSX/Vulken-3D-World-Gen-main-2/src/ai/._ai_mesher_bridge_voxelvk.hpp
__MACOSX/Vulken-3D-World-Gen-main-2/src/ai/._ai_object_generator.hpp
__MACOSX/Vulken-3D-World-Gen-main-2/src/ai/._ai_palette_config_io.cpp
__MACOSX/Vulken-3D-World-Gen-main-2/src/ai/._ai_palette_config_io.hpp
__MACOSX/Vulken-3D-World-Gen-main-2/src/ai/._ai_palette_to_mesher.cpp
__MACOSX/Vulken-3D-World-Gen-main-2/src/ai/._ai_palette_to_mesher.hpp
__MACOSX/Vulken-3D-World-Gen-main-2/src/ai/._ai_runtime_commands.cpp
__MACOSX/Vulken-3D-World-Gen-main-2/src/ai/._ai_runtime_commands.hpp
__MACOSX/Vulken-3D-World-Gen-main-2/src/ai/._ai_tensorrt_manager.cpp
__MACOSX/Vulken-3D-World-Gen-main-2/src/ai/._ai_tensorrt_manager.hpp
__MACOSX/Vulken-3D-World-Gen-main-2/src/ai/._ai_tensorrt_manager_complete.cpp
__MACOSX/Vulken-3D-World-Gen-main-2/src/ai/._ai_training_integration.hpp
__MACOSX/Vulken-3D-World-Gen-main-2/src/ai/._rag_database.cpp
__MACOSX/Vulken-3D-World-Gen-main-2/src/ai/._rag_database.hpp
__MACOSX/Vulken-3D-World-Gen-main-2/src/ai/._rag_query_engine.cpp
__MACOSX/Vulken-3D-World-Gen-main-2/src/ai/._rag_query_engine.hpp
__MACOSX/Vulken-3D-World-Gen-main-2/src/ai/._rag_runtime_bridge.hpp
__MACOSX/Vulken-3D-World-Gen-main-2/src/app/._Trainer.cpp
__MACOSX/Vulken-3D-World-Gen-main-2/src/app/._Trainer.hpp
__MACOSX/Vulken-3D-World-Gen-main-2/src/core/._build_info.hpp.in
__MACOSX/Vulken-3D-World-Gen-main-2/src/core/._build_info_print.cpp
__MACOSX/Vulken-3D-World-Gen-main-2/src/core/._build_info_print.hpp
__MACOSX/Vulken-3D-World-Gen-main-2/src/core/._fullscreen_toggle.hpp
__MACOSX/Vulken-3D-World-Gen-main-2/src/core/._gpu_compat.cpp
__MACOSX/Vulken-3D-World-Gen-main-2/src/core/._gpu_compat.hpp
__MACOSX/Vulken-3D-World-Gen-main-2/src/core/._hotkey_glfw_example.md
__MACOSX/Vulken-3D-World-Gen-main-2/src/core/._logger.cpp
__MACOSX/Vulken-3D-World-Gen-main-2/src/core/._logger.hpp
__MACOSX/Vulken-3D-World-Gen-main-2/src/core/._nvtx_profiler.cpp
__MACOSX/Vulken-3D-World-Gen-main-2/src/core/._nvtx_profiler.hpp
__MACOSX/Vulken-3D-World-Gen-main-2/src/core/._performance_monitor.cpp
__MACOSX/Vulken-3D-World-Gen-main-2/src/core/._performance_monitor.hpp
__MACOSX/Vulken-3D-World-Gen-main-2/src/core/._runtime_debug.cpp
__MACOSX/Vulken-3D-World-Gen-main-2/src/core/._runtime_debug.hpp
__MACOSX/Vulken-3D-World-Gen-main-2/src/core/._thread_pool.cpp
__MACOSX/Vulken-3D-World-Gen-main-2/src/core/._thread_pool.hpp
__MACOSX/Vulken-3D-World-Gen-main-2/src/core/._timer.cpp
__MACOSX/Vulken-3D-World-Gen-main-2/src/core/._timer.hpp
__MACOSX/Vulken-3D-World-Gen-main-2/src/core/._vma_impl.cpp
__MACOSX/Vulken-3D-World-Gen-main-2/src/cuda/._k_terrain.cu
__MACOSX/Vulken-3D-World-Gen-main-2/src/cuda/._k_voxel_ops.cu
__MACOSX/Vulken-3D-World-Gen-main-2/src/engine/._CMakeLists.txt
__MACOSX/Vulken-3D-World-Gen-main-2/src/engine/._VoxelChunkManager.cpp
__MACOSX/Vulken-3D-World-Gen-main-2/src/engine/._VoxelChunkManager.h
__MACOSX/Vulken-3D-World-Gen-main-2/src/engine/._core
__MACOSX/Vulken-3D-World-Gen-main-2/src/engine/._include
__MACOSX/Vulken-3D-World-Gen-main-2/src/engine/._meshing
__MACOSX/Vulken-3D-World-Gen-main-2/src/engine/._render
__MACOSX/Vulken-3D-World-Gen-main-2/src/engine/._src
__MACOSX/Vulken-3D-World-Gen-main-2/src/engine/._storage
__MACOSX/Vulken-3D-World-Gen-main-2/src/engine/._utils
__MACOSX/Vulken-3D-World-Gen-main-2/src/engine/core/._EngineConfig.h
__MACOSX/Vulken-3D-World-Gen-main-2/src/engine/core/._VoxelTypes.h
__MACOSX/Vulken-3D-World-Gen-main-2/src/engine/include/._engine
__MACOSX/Vulken-3D-World-Gen-main-2/src/engine/include/engine/._Cache
__MACOSX/Vulken-3D-World-Gen-main-2/src/engine/include/engine/._ChunkCoord.h
__MACOSX/Vulken-3D-World-Gen-main-2/src/engine/include/engine/._Mesh
__MACOSX/Vulken-3D-World-Gen-main-2/src/engine/include/engine/._Renderer
__MACOSX/Vulken-3D-World-Gen-main-2/src/engine/include/engine/._Result.h
__MACOSX/Vulken-3D-World-Gen-main-2/src/engine/include/engine/._Storage
__MACOSX/Vulken-3D-World-Gen-main-2/src/engine/include/engine/._VoxelChunkManager.h
__MACOSX/Vulken-3D-World-Gen-main-2/src/engine/include/engine/._VoxelTypes.h
__MACOSX/Vulken-3D-World-Gen-main-2/src/engine/include/engine/._engine_export.h
__MACOSX/Vulken-3D-World-Gen-main-2/src/engine/include/engine/Cache/._IChunkCache.h
__MACOSX/Vulken-3D-World-Gen-main-2/src/engine/include/engine/Cache/._SimpleLRUCache.h
__MACOSX/Vulken-3D-World-Gen-main-2/src/engine/include/engine/Mesh/._MarchingCubesGenerator.h
__MACOSX/Vulken-3D-World-Gen-main-2/src/engine/include/engine/Mesh/._MeshGenerator.h
__MACOSX/Vulken-3D-World-Gen-main-2/src/engine/include/engine/Renderer/._VulkanRenderer.h
__MACOSX/Vulken-3D-World-Gen-main-2/src/engine/include/engine/Storage/._IStorageBackend.h
__MACOSX/Vulken-3D-World-Gen-main-2/src/engine/include/engine/Storage/._LocalFileStorageBackend.h
__MACOSX/Vulken-3D-World-Gen-main-2/src/engine/meshing/._IMeshGenerator.h
__MACOSX/Vulken-3D-World-Gen-main-2/src/engine/meshing/._MeshGenerator.cpp
__MACOSX/Vulken-3D-World-Gen-main-2/src/engine/meshing/._MeshGenerator.h
__MACOSX/Vulken-3D-World-Gen-main-2/src/engine/render/._IRenderer.h
__MACOSX/Vulken-3D-World-Gen-main-2/src/engine/render/._VulkanRenderer.cpp
__MACOSX/Vulken-3D-World-Gen-main-2/src/engine/render/._VulkanRenderer.h
__MACOSX/Vulken-3D-World-Gen-main-2/src/engine/src/._mesh
__MACOSX/Vulken-3D-World-Gen-main-2/src/engine/src/._renderer
__MACOSX/Vulken-3D-World-Gen-main-2/src/engine/src/._storage
__MACOSX/Vulken-3D-World-Gen-main-2/src/engine/src/mesh/._MarchingCubesGenerator.cpp
__MACOSX/Vulken-3D-World-Gen-main-2/src/engine/src/renderer/._VulkanRenderer.cpp
__MACOSX/Vulken-3D-World-Gen-main-2/src/engine/src/storage/._LocalFileStorageBackend.cpp
__MACOSX/Vulken-3D-World-Gen-main-2/src/engine/storage/._FileStorageBackend.cpp
__MACOSX/Vulken-3D-World-Gen-main-2/src/engine/storage/._FileStorageBackend.h
__MACOSX/Vulken-3D-World-Gen-main-2/src/engine/storage/._IStorageBackend.h
__MACOSX/Vulken-3D-World-Gen-main-2/src/engine/utils/._LRUCache.h
__MACOSX/Vulken-3D-World-Gen-main-2/src/env/._blocks.cc
__MACOSX/Vulken-3D-World-Gen-main-2/src/env/._blocks.hpp
__MACOSX/Vulken-3D-World-Gen-main-2/src/env/._gpu_raycast_dda.cu
__MACOSX/Vulken-3D-World-Gen-main-2/src/env/._raycast_dda.cc
__MACOSX/Vulken-3D-World-Gen-main-2/src/env/._raycast_dda.hpp
__MACOSX/Vulken-3D-World-Gen-main-2/src/env/._raycast_dda_enhanced.hpp
__MACOSX/Vulken-3D-World-Gen-main-2/src/env/._sim_api.hpp
__MACOSX/Vulken-3D-World-Gen-main-2/src/env/._weather
__MACOSX/Vulken-3D-World-Gen-main-2/src/env/._world_manager.cc
__MACOSX/Vulken-3D-World-Gen-main-2/src/env/._world_manager.hpp
__MACOSX/Vulken-3D-World-Gen-main-2/src/env/._world_manager_enhanced.cpp
__MACOSX/Vulken-3D-World-Gen-main-2/src/env/weather/._lightning.cpp
__MACOSX/Vulken-3D-World-Gen-main-2/src/env/weather/._lightning.hpp
__MACOSX/Vulken-3D-World-Gen-main-2/src/env/weather/._sky_model.cpp
__MACOSX/Vulken-3D-World-Gen-main-2/src/env/weather/._sky_model.hpp
__MACOSX/Vulken-3D-World-Gen-main-2/src/env/weather/._weather_system.cpp
__MACOSX/Vulken-3D-World-Gen-main-2/src/env/weather/._weather_system.hpp
__MACOSX/Vulken-3D-World-Gen-main-2/src/physics/.___init__.py
__MACOSX/Vulken-3D-World-Gen-main-2/src/physics/._aabb.py
__MACOSX/Vulken-3D-World-Gen-main-2/src/physics/._capsule.py
__MACOSX/Vulken-3D-World-Gen-main-2/src/physics/._capsule_voxel_sat.py
__MACOSX/Vulken-3D-World-Gen-main-2/src/physics/._cpp
__MACOSX/Vulken-3D-World-Gen-main-2/src/physics/._player_controller.py
__MACOSX/Vulken-3D-World-Gen-main-2/src/physics/._player_controller_capsule.py
__MACOSX/Vulken-3D-World-Gen-main-2/src/physics/._voxel_solid.py
__MACOSX/Vulken-3D-World-Gen-main-2/src/physics/cpp/._aabb.cpp
__MACOSX/Vulken-3D-World-Gen-main-2/src/physics/cpp/._aabb.hpp
__MACOSX/Vulken-3D-World-Gen-main-2/src/physics/cpp/._capsule.cpp
__MACOSX/Vulken-3D-World-Gen-main-2/src/physics/cpp/._capsule.hpp
__MACOSX/Vulken-3D-World-Gen-main-2/src/physics/cpp/._collision_utils.cpp
__MACOSX/Vulken-3D-World-Gen-main-2/src/physics/cpp/._collision_utils.hpp
__MACOSX/Vulken-3D-World-Gen-main-2/src/physics/cpp/._cpp_player_controller.cpp
__MACOSX/Vulken-3D-World-Gen-main-2/src/physics/cpp/._cpp_player_controller.hpp
__MACOSX/Vulken-3D-World-Gen-main-2/src/physics/cpp/._enhanced_physics_system.cpp
__MACOSX/Vulken-3D-World-Gen-main-2/src/physics/cpp/._enhanced_physics_system.hpp
__MACOSX/Vulken-3D-World-Gen-main-2/src/physics/cpp/._voxel_solid.cpp
__MACOSX/Vulken-3D-World-Gen-main-2/src/physics/cpp/._voxel_solid.hpp
__MACOSX/Vulken-3D-World-Gen-main-2/src/render/._csm.cpp
__MACOSX/Vulken-3D-World-Gen-main-2/src/render/._csm.hpp
__MACOSX/Vulken-3D-World-Gen-main-2/src/render/._csm_cpu.cpp
__MACOSX/Vulken-3D-World-Gen-main-2/src/render/._csm_cpu.hpp
__MACOSX/Vulken-3D-World-Gen-main-2/src/render/._csm_descriptor.hpp
__MACOSX/Vulken-3D-World-Gen-main-2/src/render/._csm_layout.cpp
__MACOSX/Vulken-3D-World-Gen-main-2/src/render/._csm_layout.hpp
__MACOSX/Vulken-3D-World-Gen-main-2/src/render/._csm_pass.cpp
__MACOSX/Vulken-3D-World-Gen-main-2/src/render/._csm_pass.hpp
__MACOSX/Vulken-3D-World-Gen-main-2/src/render/._frame_graph.cpp
__MACOSX/Vulken-3D-World-Gen-main-2/src/render/._frame_graph.hpp
__MACOSX/Vulken-3D-World-Gen-main-2/src/render/._framegraph
__MACOSX/Vulken-3D-World-Gen-main-2/src/render/._ibl_brdf.cpp
__MACOSX/Vulken-3D-World-Gen-main-2/src/render/._ibl_brdf.hpp
__MACOSX/Vulken-3D-World-Gen-main-2/src/render/._mesh_optimizer.cpp
__MACOSX/Vulken-3D-World-Gen-main-2/src/render/._mesh_optimizer.hpp
__MACOSX/Vulken-3D-World-Gen-main-2/src/render/._post
__MACOSX/Vulken-3D-World-Gen-main-2/src/render/._screen_space_effects.cpp
__MACOSX/Vulken-3D-World-Gen-main-2/src/render/._screen_space_effects.hpp
__MACOSX/Vulken-3D-World-Gen-main-2/src/render/._taa_system.cpp
__MACOSX/Vulken-3D-World-Gen-main-2/src/render/._taa_system.hpp
__MACOSX/Vulken-3D-World-Gen-main-2/src/render/._texture_manager.cpp
__MACOSX/Vulken-3D-World-Gen-main-2/src/render/._texture_manager.hpp
__MACOSX/Vulken-3D-World-Gen-main-2/src/render/framegraph/._frame_graph_min.cpp
__MACOSX/Vulken-3D-World-Gen-main-2/src/render/framegraph/._frame_graph_min.hpp
__MACOSX/Vulken-3D-World-Gen-main-2/src/render/post/._height_fog.cpp
__MACOSX/Vulken-3D-World-Gen-main-2/src/render/post/._height_fog.hpp
__MACOSX/Vulken-3D-World-Gen-main-2/src/render/post/._temporal_accum.cpp
__MACOSX/Vulken-3D-World-Gen-main-2/src/render/post/._temporal_accum.hpp
__MACOSX/Vulken-3D-World-Gen-main-2/src/renderer/.___init__.py
__MACOSX/Vulken-3D-World-Gen-main-2/src/renderer/._ibl.py
__MACOSX/Vulken-3D-World-Gen-main-2/src/renderer/._shadow_cascades.py
__MACOSX/Vulken-3D-World-Gen-main-2/src/rl/._rl_backend.hpp
__MACOSX/Vulken-3D-World-Gen-main-2/src/rl/._rl_backend_dummy.cpp
__MACOSX/Vulken-3D-World-Gen-main-2/src/rl/._rl_backend_minimal.cpp
__MACOSX/Vulken-3D-World-Gen-main-2/src/rl/._rl_backend_minimal.hpp
__MACOSX/Vulken-3D-World-Gen-main-2/src/util/._vk_pipeline_cache_utils.hpp
__MACOSX/Vulken-3D-World-Gen-main-2/src/utils/.___init__.py
__MACOSX/Vulken-3D-World-Gen-main-2/src/utils/._async_io.py
__MACOSX/Vulken-3D-World-Gen-main-2/src/utils/._config_validator.py
__MACOSX/Vulken-3D-World-Gen-main-2/src/vk/._barrier_helpers.hpp
__MACOSX/Vulken-3D-World-Gen-main-2/src/vk/._device_caps.cpp
__MACOSX/Vulken-3D-World-Gen-main-2/src/vk/._device_caps.hpp
__MACOSX/Vulken-3D-World-Gen-main-2/src/vk/._error_handling.cpp
__MACOSX/Vulken-3D-World-Gen-main-2/src/vk/._error_handling.hpp
__MACOSX/Vulken-3D-World-Gen-main-2/src/vk/._frame_allocator.cpp
__MACOSX/Vulken-3D-World-Gen-main-2/src/vk/._frame_allocator.hpp
__MACOSX/Vulken-3D-World-Gen-main-2/src/vk/._memory_manager.cpp
__MACOSX/Vulken-3D-World-Gen-main-2/src/vk/._memory_manager.hpp
__MACOSX/Vulken-3D-World-Gen-main-2/src/vk/._pipeline_cache_manager.cpp
__MACOSX/Vulken-3D-World-Gen-main-2/src/vk/._pipeline_cache_manager.hpp
__MACOSX/Vulken-3D-World-Gen-main-2/src/vk/._swapchain_manager.cpp
__MACOSX/Vulken-3D-World-Gen-main-2/src/vk/._swapchain_manager.hpp
__MACOSX/Vulken-3D-World-Gen-main-2/src/world/.___init__.py
__MACOSX/Vulken-3D-World-Gen-main-2/src/world/._persistence.py
__MACOSX/Vulken-3D-World-Gen-main-2/src/world/._rle.py
__MACOSX/Vulken-3D-World-Gen-main-2/tests/._CMakeLists.txt
__MACOSX/Vulken-3D-World-Gen-main-2/tests/._README.md
__MACOSX/Vulken-3D-World-Gen-main-2/tests/._basic_physics_test.cpp
__MACOSX/Vulken-3D-World-Gen-main-2/tests/._compile_test.cpp
__MACOSX/Vulken-3D-World-Gen-main-2/tests/._comprehensive_physics_test.cpp
__MACOSX/Vulken-3D-World-Gen-main-2/tests/._enhanced_physics_demo.cpp
__MACOSX/Vulken-3D-World-Gen-main-2/tests/._golden
__MACOSX/Vulken-3D-World-Gen-main-2/tests/._minimal_player_test.cpp
__MACOSX/Vulken-3D-World-Gen-main-2/tests/._player_controller_test.cpp
__MACOSX/Vulken-3D-World-Gen-main-2/tests/._resources
__MACOSX/Vulken-3D-World-Gen-main-2/tests/._simple_physics_test.cpp
__MACOSX/Vulken-3D-World-Gen-main-2/tests/._test_ai_integration.cpp
__MACOSX/Vulken-3D-World-Gen-main-2/tests/._test_capsule_ground.py
__MACOSX/Vulken-3D-World-Gen-main-2/tests/._test_cpp_physics.cpp
__MACOSX/Vulken-3D-World-Gen-main-2/tests/._test_dda.cpp
__MACOSX/Vulken-3D-World-Gen-main-2/tests/._test_frustum_cull.cpp
__MACOSX/Vulken-3D-World-Gen-main-2/tests/._test_integration.cpp
__MACOSX/Vulken-3D-World-Gen-main-2/tests/._test_math_geometry.cpp
__MACOSX/Vulken-3D-World-Gen-main-2/tests/._test_performance_monitoring.cpp
__MACOSX/Vulken-3D-World-Gen-main-2/tests/._test_persistence.py
__MACOSX/Vulken-3D-World-Gen-main-2/tests/._test_ray_aabb.cpp
__MACOSX/Vulken-3D-World-Gen-main-2/tests/._test_rl_backend.cpp
__MACOSX/Vulken-3D-World-Gen-main-2/tests/._test_shaders_compile.cpp
__MACOSX/Vulken-3D-World-Gen-main-2/tests/._test_smoke.cpp
__MACOSX/Vulken-3D-World-Gen-main-2/tests/._test_weather_system.cpp
__MACOSX/Vulken-3D-World-Gen-main-2/tests/._test_yaml_config.cpp
__MACOSX/Vulken-3D-World-Gen-main-2/tests/._test_yaml_schema.cpp
__MACOSX/Vulken-3D-World-Gen-main-2/tests/._working_physics_demo.cpp
__MACOSX/Vulken-3D-World-Gen-main-2/tests/golden/._golden_sample.png
__MACOSX/Vulken-3D-World-Gen-main-2/tests/golden/._reference.png
__MACOSX/Vulken-3D-World-Gen-main-2/tests/resources/._sample_world.yaml
__MACOSX/Vulken-3D-World-Gen-main-2/tools/._.devcontainer
__MACOSX/Vulken-3D-World-Gen-main-2/tools/._CMakeLists.txt
__MACOSX/Vulken-3D-World-Gen-main-2/tools/._data
__MACOSX/Vulken-3D-World-Gen-main-2/tools/._docker
__MACOSX/Vulken-3D-World-Gen-main-2/tools/._examples
__MACOSX/Vulken-3D-World-Gen-main-2/tools/._imagediff.cpp
__MACOSX/Vulken-3D-World-Gen-main-2/tools/._push_mesh.py
__MACOSX/Vulken-3D-World-Gen-main-2/tools/._push_voxel.py
__MACOSX/Vulken-3D-World-Gen-main-2/tools/._validate_redis_integration.py
__MACOSX/Vulken-3D-World-Gen-main-2/tools/.devcontainer/._devcontainer.json
__MACOSX/Vulken-3D-World-Gen-main-2/tools/data/._rag_documents.txt
__MACOSX/Vulken-3D-World-Gen-main-2/tools/data/._rag_kb
__MACOSX/Vulken-3D-World-Gen-main-2/tools/data/rag_kb/._.keep
__MACOSX/Vulken-3D-World-Gen-main-2/tools/data/rag_kb/._desert_architecture.txt
__MACOSX/Vulken-3D-World-Gen-main-2/tools/data/rag_kb/._elven_style.txt
__MACOSX/Vulken-3D-World-Gen-main-2/tools/docker/._Dockerfile.h100
__MACOSX/Vulken-3D-World-Gen-main-2/tools/examples/._ai_integration_example.cpp
apps/CMakeLists.txt
apps/gui_fullscreen_demo.cpp
apps/main_imgui_fullscreen.cpp
apps/main_imgui_vulkan.cpp
apps/p0_reliability_demo.cpp
apps/p0_reliability_test.cpp
apps/p1_concepts_simple.cpp
apps/p1_memory_concepts.cpp
apps/p1_memory_demo.cpp
apps/p2_concepts_validator.cpp
apps/p2_performance_demo.cpp
apps/p2_target_validator.cpp
apps/rl_nav_demo.cpp
apps/smoke_graphics_headless.cpp
apps/smoke_headless.cpp
apps/vulkan_fullscreen_demo.cpp
apps/weather_demo.cpp
apps/weather_integration_test.cpp
apps/x11_basic_demo.cpp
assets/config/materials.json
assets/samples/cube.obj
assets/samples/simple_voxels.mvox
assets/samples/test_voxel_chunk.json
cmake/CompileShaders.cmake
cmake/GenBuildInfo.cmake
config/ai_enhanced_training.yaml
config/redis.yaml
config/training.json
config/training.yaml
config/weather.yaml
config/world.json
config/world.yaml
docker-compose.yml
docs/BASELINE_README.md
docs/BUILD_PERF_ENHANCEMENTS.md
docs/CI_README.md
docs/CMAKE_PATCH_SNIPPET.txt
docs/CSM_DESCRIPTOR_LAYOUT.md
docs/CSM_TEXEL_SNAP_DEBUG.md
docs/ENGINE_OVERVIEW.md
docs/GOLDEN_IMAGES.md
docs/INTEGRATE_BUILD_TAGGING.md
docs/INTEGRATE_CSM_PCSS.md
docs/INTEGRATION_NOTES.md
docs/PERF_BADGE.md
docs/REDIS_INTEGRATION.md
docs/RELEASE_NOTES.md
docs/RENDER_REGRESSION.md
docs/REPOSITORY_STRUCTURE.md
docs/WIRE_CSM_LIGHTING.md
docs/archive/P0_RELIABILITY_IMPLEMENTATION_COMPLETE.md
docs/archive/P1_MEMORY_MANAGEMENT_COMPLETE.md
docs/archive/P2_FIX_COMPLETE_10_OF_10_TESTS_PASS.md
docs/archive/P2_FRAME_PACING_PERFORMANCE_COMPLETE.md
docs/archive/PRODUCTION_HARDENING_COMPLETE.md
docs/engine-architecture.md
external/third_party/stb/stb_image.h
external/third_party/stb/stb_image_write.h
external/third_party/vk_mem_alloc.h
imgui.ini
performance_report.json
redis_validation_report.json
reports/inventory/full_tree.lst
screenshot.png
scripts/bench_headless.sh
scripts/build.sh
scripts/build_rag_index.py
scripts/ci_build_demos.sh
scripts/compile_shaders.ps1
scripts/compile_shaders.sh
scripts/complete_integration.sh
scripts/compose_headless.sh
scripts/golden_diff.ps1
scripts/golden_diff.sh
scripts/nsys_headless.sh
scripts/p0_validation.sh
scripts/p1_validation.sh
scripts/p2_validation.sh
scripts/perf_headless.sh
scripts/profile_nsight.sh
scripts/render_frames.sh
scripts/run_all_validations.sh
scripts/run_benchmark.sh
scripts/run_gui.sh
scripts/run_headless.ps1
scripts/run_headless.sh
scripts/setup.sh
scripts/start_gui_web.sh
scripts/stop_gui_web.sh
shaders/ibl/brdf_lut.frag
shaders/ibl/equirect_to_cubemap.frag
shaders/ibl/pmrem_prefilter.frag
shaders/lighting/ibl.glsl
shaders/lighting/pbr_common.glsl
shaders/lighting/pcss.glsl
shaders/post/atmosphere.frag
shaders/post/clouds.frag
shaders/shadows/csm_common.glsl
shaders_vk/ai/blockize.comp.glsl
shaders_vk/clouds/clouds_fullscreen.frag
shaders_vk/common/fullscreen.vert.glsl
shaders_vk/common/weather_ubo.glsl
shaders_vk/ibl/brdf_lut.comp.glsl
shaders_vk/lighting/csm_binding.glsl
shaders_vk/lighting/pbr_common.glsl
shaders_vk/lighting/pcss.glsl
shaders_vk/lighting/use_csm_pcss_example.glsl
shaders_vk/material/weather_material.glsl
shaders_vk/particles/precip_render.frag
shaders_vk/particles/precip_render.vert
shaders_vk/particles/precip_update.comp
shaders_vk/post/atmosphere.frag.glsl
shaders_vk/post/clouds.frag.glsl
shaders_vk/post/height_fog.frag
shaders_vk/post/ssao.frag
shaders_vk/post/ssao_blur.frag
shaders_vk/post/ssr.frag
shaders_vk/post/temporal_accum.comp
shaders_vk/shadows/csm_common.glsl
shaders_vk/shadows/csm_debug.glsl
shaders_vk/shadows/csm_depth.frag.glsl
shaders_vk/shadows/csm_depth.vert.glsl
shaders_vk/sky/sky_fullscreen.vert
shaders_vk/sky/sky_hw.frag
shaders_vk/taa/motion_vectors.frag
shaders_vk/taa/motion_vectors.vert
shaders_vk/taa/taa_resolve.frag
shaders_vk/taa/weather_taa_blend.frag
src/__init__.py
src/ai/LLMClient.hpp
src/ai/PromptAssembler.hpp
src/ai/ai_apply_to_engine_native.cpp
src/ai/ai_apply_to_engine_native.hpp
src/ai/ai_biome_palette.cpp
src/ai/ai_biome_palette.hpp
src/ai/ai_enhanced_biome_system.cpp
src/ai/ai_enhanced_biome_system.hpp
src/ai/ai_enhanced_generator.hpp
src/ai/ai_gpu_blockize.cpp
src/ai/ai_gpu_blockize.hpp
src/ai/ai_imgui_palette_panel.cpp
src/ai/ai_imgui_palette_panel.hpp
src/ai/ai_mesher_bridge_voxelvk.cpp
src/ai/ai_mesher_bridge_voxelvk.hpp
src/ai/ai_object_generator.hpp
src/ai/ai_palette_config_io.cpp
src/ai/ai_palette_config_io.hpp
src/ai/ai_palette_to_mesher.cpp
src/ai/ai_palette_to_mesher.hpp
src/ai/ai_runtime_commands.cpp
src/ai/ai_runtime_commands.hpp
src/ai/ai_tensorrt_manager.cpp
src/ai/ai_tensorrt_manager.hpp
src/ai/ai_tensorrt_manager_complete.cpp
src/ai/ai_training_integration.hpp
src/ai/rag_database.cpp
src/ai/rag_database.hpp
src/ai/rag_query_engine.cpp
src/ai/rag_query_engine.hpp
src/ai/rag_runtime_bridge.hpp
src/app/Trainer.cpp
src/app/Trainer.hpp
src/core/build_info.hpp.in
src/core/build_info_print.cpp
src/core/build_info_print.hpp
src/core/fullscreen_toggle.hpp
src/core/gpu_compat.cpp
src/core/gpu_compat.hpp
src/core/hotkey_glfw_example.md
src/core/logger.cpp
src/core/logger.hpp
src/core/nvtx_profiler.cpp
src/core/nvtx_profiler.hpp
src/core/performance_monitor.cpp
src/core/performance_monitor.hpp
src/core/runtime_debug.cpp
src/core/runtime_debug.hpp
src/core/thread_pool.cpp
src/core/thread_pool.hpp
src/core/timer.cpp
src/core/timer.hpp
src/core/vma_impl.cpp
src/cuda/k_terrain.cu
src/cuda/k_voxel_ops.cu
src/engine/CMakeLists.txt
src/engine/VoxelChunkManager.cpp
src/engine/VoxelChunkManager.h
src/engine/core/EngineConfig.h
src/engine/core/VoxelTypes.h
src/engine/include/engine/Cache/IChunkCache.h
src/engine/include/engine/Cache/SimpleLRUCache.h
src/engine/include/engine/ChunkCoord.h
src/engine/include/engine/Mesh/MarchingCubesGenerator.h
src/engine/include/engine/Mesh/MeshGenerator.h
src/engine/include/engine/Renderer/VulkanRenderer.h
src/engine/include/engine/Result.h
src/engine/include/engine/Storage/IStorageBackend.h
src/engine/include/engine/Storage/LocalFileStorageBackend.h
src/engine/include/engine/VoxelChunkManager.h
src/engine/include/engine/VoxelTypes.h
src/engine/include/engine/engine_export.h
src/engine/meshing/IMeshGenerator.h
src/engine/meshing/MeshGenerator.cpp
src/engine/meshing/MeshGenerator.h
src/engine/render/IRenderer.h
src/engine/render/VulkanRenderer.cpp
src/engine/render/VulkanRenderer.h
src/engine/src/mesh/MarchingCubesGenerator.cpp
src/engine/src/renderer/VulkanRenderer.cpp
src/engine/src/storage/LocalFileStorageBackend.cpp
src/engine/storage/FileStorageBackend.cpp
src/engine/storage/FileStorageBackend.h
src/engine/storage/IStorageBackend.h
src/engine/utils/LRUCache.h
src/env/blocks.cc
src/env/blocks.hpp
src/env/gpu_raycast_dda.cu
src/env/raycast_dda.cc
src/env/raycast_dda.hpp
src/env/raycast_dda_enhanced.hpp
src/env/sim_api.hpp
src/env/weather/lightning.cpp
src/env/weather/lightning.hpp
src/env/weather/sky_model.cpp
src/env/weather/sky_model.hpp
src/env/weather/weather_system.cpp
src/env/weather/weather_system.hpp
src/env/world_manager.cc
src/env/world_manager.hpp
src/env/world_manager_enhanced.cpp
src/physics/__init__.py
src/physics/aabb.py
src/physics/capsule.py
src/physics/capsule_voxel_sat.py
src/physics/cpp/aabb.cpp
src/physics/cpp/aabb.hpp
src/physics/cpp/capsule.cpp
src/physics/cpp/capsule.hpp
src/physics/cpp/collision_utils.cpp
src/physics/cpp/collision_utils.hpp
src/physics/cpp/cpp_player_controller.cpp
src/physics/cpp/cpp_player_controller.hpp
src/physics/cpp/enhanced_physics_system.cpp
src/physics/cpp/enhanced_physics_system.hpp
src/physics/cpp/voxel_solid.cpp
src/physics/cpp/voxel_solid.hpp
src/physics/player_controller.py
src/physics/player_controller_capsule.py
src/physics/voxel_solid.py
src/py.typed
src/redis_asset_store.cpp
src/redis_asset_store.h
src/render/csm.cpp
src/render/csm.hpp
src/render/csm_cpu.cpp
src/render/csm_cpu.hpp
src/render/csm_descriptor.hpp
src/render/csm_layout.cpp
src/render/csm_layout.hpp
src/render/csm_pass.cpp
src/render/csm_pass.hpp
src/render/frame_graph.cpp
src/render/frame_graph.hpp
src/render/framegraph/frame_graph_min.cpp
src/render/framegraph/frame_graph_min.hpp
src/render/ibl_brdf.cpp
src/render/ibl_brdf.hpp
src/render/mesh_optimizer.cpp
src/render/mesh_optimizer.hpp
src/render/post/height_fog.cpp
src/render/post/height_fog.hpp
src/render/post/temporal_accum.cpp
src/render/post/temporal_accum.hpp
src/render/screen_space_effects.cpp
src/render/screen_space_effects.hpp
src/render/taa_system.cpp
src/render/taa_system.hpp
src/render/texture_manager.cpp
src/render/texture_manager.hpp
src/renderer/__init__.py
src/renderer/ibl.py
src/renderer/shadow_cascades.py
src/rl/rl_backend.hpp
src/rl/rl_backend_dummy.cpp
src/rl/rl_backend_minimal.cpp
src/rl/rl_backend_minimal.hpp
src/util/vk_pipeline_cache_utils.hpp
src/utils/__init__.py
src/utils/async_io.py
src/utils/config_validator.py
src/vk/barrier_helpers.hpp
src/vk/device_caps.cpp
src/vk/device_caps.hpp
src/vk/error_handling.cpp
src/vk/error_handling.hpp
src/vk/frame_allocator.cpp
src/vk/frame_allocator.hpp
src/vk/memory_manager.cpp
src/vk/memory_manager.hpp
src/vk/pipeline_cache_manager.cpp
src/vk/pipeline_cache_manager.hpp
src/vk/swapchain_manager.cpp
src/vk/swapchain_manager.hpp
src/world/__init__.py
src/world/persistence.py
src/world/rle.py
tests/CMakeLists.txt
tests/README.md
tests/basic_physics_test.cpp
tests/compile_test.cpp
tests/comprehensive_physics_test.cpp
tests/enhanced_physics_demo.cpp
tests/golden/golden_sample.png
tests/golden/reference.png
tests/minimal_player_test.cpp
tests/player_controller_test.cpp
tests/resources/sample_world.yaml
tests/simple_physics_test.cpp
tests/test_ai_integration.cpp
tests/test_capsule_ground.py
tests/test_cpp_physics.cpp
tests/test_dda.cpp
tests/test_frustum_cull.cpp
tests/test_integration.cpp
tests/test_math_geometry.cpp
tests/test_performance_monitoring.cpp
tests/test_persistence.py
tests/test_ray_aabb.cpp
tests/test_rl_backend.cpp
tests/test_shaders_compile.cpp
tests/test_smoke.cpp
tests/test_weather_system.cpp
tests/test_yaml_config.cpp
tests/test_yaml_schema.cpp
tests/working_physics_demo.cpp
tools/.devcontainer/devcontainer.json
tools/CMakeLists.txt
tools/data/rag_documents.txt
tools/data/rag_kb/.keep
tools/data/rag_kb/desert_architecture.txt
tools/data/rag_kb/elven_style.txt
tools/docker/Dockerfile.h100
tools/examples/ai_integration_example.cpp
tools/imagediff.cpp
tools/push_mesh.py
tools/push_voxel.py
tools/validate_redis_integration.py
vcpkg
vcpkg-configuration.json
vcpkg.json
voxel-models-main.zip
vulken-project.zip
